FUNCTION fact :
PARAM n
IF n == #1 GOTO label0
GOTO label1
LABEL label0 :
RETURN n
GOTO label2
LABEL label1 :
t2 := n - #1
ARG t2
t2 := CALL fact
t0 := n * t2
RETURN t0
LABEL label2 :
FUNCTION main :
DEC a 24 
addr := &a
t3 := #1 * #1
addr := addr + t3
t4 := #2 * #2
addr := addr + t4
t5 := *addr
addr := &a
t6 := #0 * #1
addr := addr + t6
t7 := #1 * #2
addr := addr + t7
*addr := t5
READ t8
m := t8
IF m > #1 GOTO label3
GOTO label4
LABEL label3 :
ARG m
t9 := CALL fact
result := t9
GOTO label5
LABEL label4 :
result := #1
LABEL label5 :
ARG result
WRITE result
RETURN #0
